
> moyeo-house-godot@0.3.0-simulation test
> node --test tests/save-v2.test.mjs tests/storage-save.test.mjs tests/arcade-rules.test.mjs tests/v3-web.test.mjs tests/v3-broadcast.test.mjs tests/v3-caption-policy.test.mjs tests/v3-state-codec.test.mjs tests/v4-messenger.test.mjs tests/v4-admin-policy.test.mjs

✔ runner input cannot submit score and collision ends an actual round (1.5035ms)
✔ maze collects once, obeys walls and rejects repeated sequences (0.6109ms)
✔ saved mid-round simulation produces deterministic authority handoff (0.441ms)
✔ actual browser-exported V2 world and Korean Yjs state roundtrip (4.2567ms)
✔ embedded PDF data roundtrip with sha and content type verification (2.0073ms)
✔ missing and mismatched attachment rejected before restore (0.9252ms)
✔ CRC corruption never replaces current world (1.6936ms)
✔ host role, permissions, duplicate IDs, untrusted asset and nonfinite positions rejected (0.8536ms)
✔ path traversal and executable entries rejected (0.1455ms)
✔ office indices, duplicate slots and unsupported versions rejected (0.5064ms)
✔ engine-exported physical storage state roundtrips through homeworld container (7.5575ms)
✔ duplicate or nested storage and forbidden tools are rejected before replacing current world (1.8262ms)
✔ Physical broadcast access requires a player near the microphone (0.5238ms)
✔ HOME/OFFICE/PLAY announcements follow explicit recipient scopes (0.1597ms)
✔ Interim becomes final; duplicates and later interim cannot replace final (0.9926ms)
✔ Mute generation invalidates delayed recognition; new speaker generation is independent (0.1891ms)
✔ Unchanged objects omitted, changes/removal restored, roster remains complete (1.1512ms)
✔ Lost base fails closed and explicit keyframe restores current state (0.1697ms)
✔ Invite code, pasted URL, classroom and subpath round trip (3.6569ms)
✔ Official original documents are validated and preserved in snapshots (0.5086ms)
✔ Student host / URL role / asserted administrator cannot unlock; authenticated operator changes one room (1121.7372ms)
✔ Wrong PIN attempt budget is shared across rooms; correct PIN cannot bypass lockout (1288.0251ms)
✔ Nonce replay, stale revision, signature mutation, cross-session and expiry are rejected (1660.8809ms)
✔ Independent salted room PIN change persists privately; public state and stale world cannot replace it (2665.142ms)
✔ Broadcast authorization binds the authenticated operator to a session actor and expires (2354.1193ms)
✔ HTTP rejects foreign origins, emits no credentials, and verifies signed state through an actual socket (2198.7234ms)
✔ Session, zone and DM are routed before delivery; sender identity is connection-owned (1.9685ms)
✔ Retries deduplicate; edits/deletes/replies cannot cross identities or channel boundaries (0.258ms)
✔ Delivery and read are distinct and reactions bind to actual participants (0.1981ms)
✔ Attachment fragments need a participant request, exact size and original provider (0.2684ms)
✔ Cancel revokes transfer; offline provider is reported without pretending server storage (0.2878ms)
✔ Validation rejects spoofed images, scripts, oversized decoding and path-shaped names (0.4996ms)
✔ Conflicting attachment IDs cannot alias an existing receiver cache (0.1341ms)
ℹ tests 33
ℹ suites 0
ℹ pass 33
ℹ fail 0
ℹ cancelled 0
ℹ skipped 0
ℹ todo 0
ℹ duration_ms 11476.9936
✔ Two simultaneous meetings require independent current membership grants (0.8819ms)
✔ Revocation and host reset invalidate stale grants; no administrator privilege exists (0.1387ms)
✔ Old worlds remain accepted and two scoped meetings survive archive round trip (5.9555ms)
✔ Archives reject session grants, PIN fields, duplicate scopes and unknown meetings (0.3227ms)
✔ Meeting attachment data is exported and validated, not silently left behind (1.7824ms)
✔ Unplaced furniture preserves identity and storage references without importing authority (1.2297ms)
ℹ tests 6
ℹ suites 0
ℹ pass 6
ℹ fail 0
ℹ cancelled 0
ℹ skipped 0
ℹ todo 0
ℹ duration_ms 69.2414
