
> moyeo-house-godot@0.3.0-simulation test
> node --test tests/save-v2.test.mjs tests/storage-save.test.mjs tests/arcade-rules.test.mjs tests/v3-web.test.mjs tests/v3-broadcast.test.mjs tests/v3-caption-policy.test.mjs tests/v3-state-codec.test.mjs tests/v4-messenger.test.mjs tests/v4-admin-policy.test.mjs

✔ runner input cannot submit score and collision ends an actual round (2.0865ms)
✔ maze collects once, obeys walls and rejects repeated sequences (0.7237ms)
✔ saved mid-round simulation produces deterministic authority handoff (0.557ms)
✔ actual browser-exported V2 world and Korean Yjs state roundtrip (7.76ms)
✔ embedded PDF data roundtrip with sha and content type verification (3.0883ms)
✔ missing and mismatched attachment rejected before restore (1.1695ms)
✔ CRC corruption never replaces current world (2.5637ms)
✔ host role, permissions, duplicate IDs, untrusted asset and nonfinite positions rejected (1.6469ms)
✔ path traversal and executable entries rejected (0.2062ms)
✔ office indices, duplicate slots and unsupported versions rejected (0.606ms)
✔ engine-exported physical storage state roundtrips through homeworld container (11.8262ms)
✔ duplicate or nested storage and forbidden tools are rejected before replacing current world (2.8392ms)
✔ Physical broadcast access requires a player near the microphone (0.5925ms)
✔ HOME/OFFICE/PLAY announcements follow explicit recipient scopes (0.1702ms)
✔ Interim becomes final; duplicates and later interim cannot replace final (1.1136ms)
✔ Mute generation invalidates delayed recognition; new speaker generation is independent (0.1959ms)
✔ Unchanged objects omitted, changes/removal restored, roster remains complete (1.2902ms)
✔ Lost base fails closed and explicit keyframe restores current state (0.1881ms)
✔ Invite code, pasted URL, classroom and subpath round trip (4.2396ms)
✔ Official original documents are validated and preserved in snapshots (0.9866ms)
✔ Student host / URL role / asserted administrator cannot unlock; authenticated operator changes one room (1317.6491ms)
✔ Wrong PIN attempt budget is shared across rooms; correct PIN cannot bypass lockout (1574.1624ms)
✔ Nonce replay, stale revision, signature mutation, cross-session and expiry are rejected (1305.2629ms)
✔ Independent salted room PIN change persists privately; public state and stale world cannot replace it (1449.1253ms)
✔ Broadcast authorization binds the authenticated operator to a session actor and expires (1300.8865ms)
✔ HTTP rejects foreign origins, emits no credentials, and verifies signed state through an actual socket (1283.1823ms)
✔ Session, zone and DM are routed before delivery; sender identity is connection-owned (4.0446ms)
✔ Retries deduplicate; edits/deletes/replies cannot cross identities or channel boundaries (0.4225ms)
✔ Delivery and read are distinct and reactions bind to actual participants (0.3535ms)
✔ Attachment fragments need a participant request, exact size and original provider (0.4226ms)
✔ Cancel revokes transfer; offline provider is reported without pretending server storage (0.4997ms)
✔ Validation rejects spoofed images, scripts, oversized decoding and path-shaped names (1.1252ms)
✔ Conflicting attachment IDs cannot alias an existing receiver cache (0.2939ms)
ℹ tests 33
ℹ suites 0
ℹ pass 33
ℹ fail 0
ℹ cancelled 0
ℹ skipped 0
ℹ todo 0
ℹ duration_ms 8439.2694
