Godot Engine v4.6.1.stable.official.14d19694e - https://godotengine.org

HOMEoffice_READY Godot 4.6.1-stable (official)
PASS Front approach resolves slot 0 {  }
PASS Both feet reach floor contacts 0 { "L": { "weight": 1.0, "target": [-0.88999998569489, 0.10000000149012, 5.46000003814697], "foot": [-0.88999998569489, 0.10000015795231, 5.46000003814697], "error": 0.00000015646219, "seat": "v5-seat-sofa", "slot": 0 }, "R": { "weight": 1.0, "target": [-0.64999997615814, 0.10000000149012, 5.46000003814697], "foot": [-0.64999997615814, 0.10000009834766, 5.46000003814697], "error": 0.00000009685755, "seat": "v5-seat-sofa", "slot": 0 } }
PASS Seating keeps furniture collision 0 {  }
PASS Authored exit is safe 0 {  }
PASS Exit clears occupancy 0 {  }
PASS Standing collider restores 0 {  }
PASS Front approach resolves slot 1 {  }
PASS Both feet reach floor contacts 1 { "L": { "weight": 1.0, "target": [-0.11999999731779, 0.10000000149012, 5.46000003814697], "foot": [-0.11999998986721, 0.10000018775463, 5.46000003814697], "error": 0.00000018641347, "seat": "v5-seat-sofa", "slot": 1 }, "R": { "weight": 1.0, "target": [0.11999999731779, 0.10000000149012, 5.46000003814697], "foot": [0.12000000476837, 0.10000009834766, 5.46000003814697], "error": 0.00000009714368, "seat": "v5-seat-sofa", "slot": 1 } }
PASS Seating keeps furniture collision 1 {  }
PASS Authored exit is safe 1 {  }
PASS Exit clears occupancy 1 {  }
PASS Standing collider restores 1 {  }
PASS Front approach resolves slot 2 {  }
PASS Both feet reach floor contacts 2 { "L": { "weight": 1.0, "target": [0.64999997615814, 0.10000000149012, 5.46000003814697], "foot": [0.64999997615814, 0.10000015795231, 5.46000003814697], "error": 0.00000015646219, "seat": "v5-seat-sofa", "slot": 2 }, "R": { "weight": 1.0, "target": [0.88999998569489, 0.10000000149012, 5.46000003814697], "foot": [0.88999998569489, 0.10000009834766, 5.46000003814697], "error": 0.00000009685755, "seat": "v5-seat-sofa", "slot": 2 } }
PASS Seating keeps furniture collision 2 {  }
PASS Authored exit is safe 2 {  }
PASS Exit clears occupancy 2 {  }
PASS Standing collider restores 2 {  }
PASS Back approach cannot teleport through sofa {  }
PASS Occupied slot cannot be replaced or silently redirected {  }
