Godot Engine v4.6.1.stable.official.14d19694e - https://godotengine.org

[   0% ] [90m[1mfirst_scan_filesystem[22m | Started 프로젝트 초기화 (5 steps)[39m[0m
[   0% ] [90m[1mfirst_scan_filesystem[22m | 파일 구조 스캔 중...[39m[0m
[  16% ] [90m[1mfirst_scan_filesystem[22m | 전역 클래스 이름을 불러오는 중...[39m[0m
[  33% ] [90m[1mfirst_scan_filesystem[22m | GDExtensions 검증 중...[39m[0m
[  50% ] [90m[1mfirst_scan_filesystem[22m | 오토로드 스크립트를 만드는 중...[39m[0m
[  66% ] [90m[1mfirst_scan_filesystem[22m | 플러그인을 초기화 중...[39m[0m
[  83% ] [90m[1mfirst_scan_filesystem[22m | 파일 스캔 시작 중...[39m[0m
[92m[ DONE ][39m [1mfirst_scan_filesystem[22m
[0m
WARNING: UID duplicate detected between res://web/catalog/bed.png and res://build/catalog/bed.png.
   at: _process_file_system (editor/file_system/editor_file_system.cpp:1377)
WARNING: UID duplicate detected between res://web/catalog/book.png and res://build/catalog/book.png.
   at: _process_file_system (editor/file_system/editor_file_system.cpp:1377)
WARNING: UID duplicate detected between res://web/catalog/chair.png and res://build/catalog/chair.png.
   at: _process_file_system (editor/file_system/editor_file_system.cpp:1377)
WARNING: UID duplicate detected between res://web/catalog/crate.png and res://build/catalog/crate.png.
   at: _process_file_system (editor/file_system/editor_file_system.cpp:1377)
WARNING: UID duplicate detected between res://web/catalog/drawer.png and res://build/catalog/drawer.png.
   at: _process_file_system (editor/file_system/editor_file_system.cpp:1377)
WARNING: UID duplicate detected between res://web/catalog/floor_lamp.png and res://build/catalog/floor_lamp.png.
   at: _process_file_system (editor/file_system/editor_file_system.cpp:1377)
WARNING: UID duplicate detected between res://web/catalog/gun.png and res://build/catalog/gun.png.
   at: _process_file_system (editor/file_system/editor_file_system.cpp:1377)
WARNING: UID duplicate detected between res://web/catalog/plate.png and res://build/catalog/plate.png.
   at: _process_file_system (editor/file_system/editor_file_system.cpp:1377)
WARNING: UID duplicate detected between res://web/catalog/shield.png and res://build/catalog/shield.png.
   at: _process_file_system (editor/file_system/editor_file_system.cpp:1377)
WARNING: UID duplicate detected between res://web/catalog/sofa.png and res://build/catalog/sofa.png.
   at: _process_file_system (editor/file_system/editor_file_system.cpp:1377)
WARNING: UID duplicate detected between res://web/catalog/storage.png and res://build/catalog/storage.png.
   at: _process_file_system (editor/file_system/editor_file_system.cpp:1377)
WARNING: UID duplicate detected between res://web/catalog/table.png and res://build/catalog/table.png.
   at: _process_file_system (editor/file_system/editor_file_system.cpp:1377)
[   0% ] [90m[1mupdate_scripts_classes[22m | Started 전역 클래스를 등록하는 중... (6 steps)[39m[0m
[   0% ] [90m[1mupdate_scripts_classes[22m | [39m[0m
[  14% ] [90m[1mupdate_scripts_classes[22m | [39m[0m
[  28% ] [90m[1mupdate_scripts_classes[22m | [39m[0m
[  42% ] [90m[1mupdate_scripts_classes[22m | [39m[0m
[  57% ] [90m[1mupdate_scripts_classes[22m | [39m[0m
[  71% ] [90m[1mupdate_scripts_classes[22m | [39m[0m
[92m[ DONE ][39m [1mupdate_scripts_classes[22m
[0m
[   0% ] [90m[1m_update_scan_actions[22m | Started 액션 스캔 중... (15 steps)[39m[0m
[   0% ] [90m[1m_update_scan_actions[22m | male-animated-v5.glb[39m[0m
[   6% ] [90m[1m_update_scan_actions[22m | wardrobe.glb[39m[0m
[  12% ] [90m[1m_update_scan_actions[22m | bed.png[39m[0m
[  18% ] [90m[1m_update_scan_actions[22m | book.png[39m[0m
[  25% ] [90m[1m_update_scan_actions[22m | chair.png[39m[0m
[  31% ] [90m[1m_update_scan_actions[22m | crate.png[39m[0m
[  37% ] [90m[1m_update_scan_actions[22m | drawer.png[39m[0m
[  43% ] [90m[1m_update_scan_actions[22m | floor_lamp.png[39m[0m
[  50% ] [90m[1m_update_scan_actions[22m | gun.png[39m[0m
[  56% ] [90m[1m_update_scan_actions[22m | plate.png[39m[0m
[  62% ] [90m[1m_update_scan_actions[22m | shield.png[39m[0m
[  68% ] [90m[1m_update_scan_actions[22m | sofa.png[39m[0m
[  75% ] [90m[1m_update_scan_actions[22m | storage.png[39m[0m
[  81% ] [90m[1m_update_scan_actions[22m | table.png[39m[0m
[  87% ] [90m[1m_update_scan_actions[22m | index.png[39m[0m
[92m[ DONE ][39m [1m_update_scan_actions[22m
[0m
[   0% ] [90m[1mreimport[22m | Started 애셋 (다시) 가져오는 중 (14 steps)[39m[0m
[   0% ] [90m[1mreimport[22m | 다시 가져올 파일을 준비 중...[39m[0m
[   6% ] [90m[1mreimport[22m | 다시 가져올 파일을 준비 중...[39m[0m
[  13% ] [90m[1mreimport[22m | 다시 가져올 파일을 준비 중...[39m[0m
[  20% ] [90m[1mreimport[22m | 다시 가져올 파일을 준비 중...[39m[0m
[  26% ] [90m[1mreimport[22m | 다시 가져올 파일을 준비 중...[39m[0m
[  33% ] [90m[1mreimport[22m | 다시 가져올 파일을 준비 중...[39m[0m
[  40% ] [90m[1mreimport[22m | 다시 가져올 파일을 준비 중...[39m[0m
[  46% ] [90m[1mreimport[22m | 다시 가져올 파일을 준비 중...[39m[0m
[  53% ] [90m[1mreimport[22m | 다시 가져올 파일을 준비 중...[39m[0m
[  60% ] [90m[1mreimport[22m | 다시 가져올 파일을 준비 중...[39m[0m
[  66% ] [90m[1mreimport[22m | 다시 가져올 파일을 준비 중...[39m[0m
[  73% ] [90m[1mreimport[22m | 다시 가져올 파일을 준비 중...[39m[0m
[  80% ] [90m[1mreimport[22m | 다시 가져올 파일을 준비 중...[39m[0m
[  86% ] [90m[1mreimport[22m | 다시 가져올 파일을 준비 중...[39m[0m
[   0% ] [90m[1mreimport[22m | 다시 가져오기 전 작업을 수행 중...[39m[0m
[   0% ] [90m[1mpreload_reimporting_scene[22m | Started 다시 불러오기를 위해 씬 준비 중 (1 steps)[39m[0m
[   0% ] [90m[1mpreload_reimporting_scene[22m | 씬 [비었음] 분석 중[39m[0m
[  50% ] [90m[1mpreload_reimporting_scene[22m | 준비가 완료되었습니다.[39m[0m
[92m[ DONE ][39m [1mpreload_reimporting_scene[22m
[0m
[   0% ] [90m[1mreimport[22m | bed.png[39m[0m
[   6% ] [90m[1mreimport[22m | book.png[39m[0m
[  13% ] [90m[1mreimport[22m | chair.png[39m[0m
[  20% ] [90m[1mreimport[22m | crate.png[39m[0m
[  26% ] [90m[1mreimport[22m | drawer.png[39m[0m
[  33% ] [90m[1mreimport[22m | floor_lamp.png[39m[0m
[  40% ] [90m[1mreimport[22m | gun.png[39m[0m
[  46% ] [90m[1mreimport[22m | plate.png[39m[0m
[  53% ] [90m[1mreimport[22m | shield.png[39m[0m
[  60% ] [90m[1mreimport[22m | sofa.png[39m[0m
[  66% ] [90m[1mreimport[22m | storage.png[39m[0m
[  73% ] [90m[1mreimport[22m | table.png[39m[0m
[  80% ] [90m[1mreimport[22m | male-animated-v5.glb[39m[0m
[   0% ] [90m[1mimport[22m | Started 씬 가져오기 (104 steps)[39m[0m
[   0% ] [90m[1mimport[22m | 씬 가져오는 중...[39m[0m
[   1% ] [90m[1mimport[22m | 커스텀 스크립트 실행 중...[39m[0m
[  99% ] [90m[1mimport[22m | 저장 중...[39m[0m
[92m[ DONE ][39m [1mimport[22m
[0m
[  86% ] [90m[1mreimport[22m | wardrobe.glb[39m[0m
[   0% ] [90m[1mimport[22m | Started 씬 가져오기 (104 steps)[39m[0m
[   0% ] [90m[1mimport[22m | 씬 가져오는 중...[39m[0m
[   1% ] [90m[1mimport[22m | 커스텀 스크립트 실행 중...[39m[0m
[  99% ] [90m[1mimport[22m | 저장 중...[39m[0m
[92m[ DONE ][39m [1mimport[22m
[0m
[  93% ] [90m[1mreimport[22m | 애셋 가져오기 마무리 중...[39m[0m
[92m[ DONE ][39m [1mreimport[22m
[0m
[   0% ] [90m[1mreimport[22m | Started 애셋 (다시) 가져오는 중 (14 steps)[39m[0m
[   0% ] [90m[1mreimport[22m | 다시 가져오기 후 작업을 수행 중...[39m[0m
[92m[ DONE ][39m [1mreimport[22m
[0m
[   0% ] [90m[1mloading_editor_layout[22m | Started 편집기를 불러오는 중 (5 steps)[39m[0m
[   0% ] [90m[1mloading_editor_layout[22m | 편집기 레이아웃을 불러오는 중...[39m[0m
[  16% ] [90m[1mloading_editor_layout[22m | 독을 불러오는 중...[39m[0m
[92m[ DONE ][39m [1mloading_editor_layout[22m
[0m
